MPASM  5.41                     MAIN_MENU.ASM   3-9-2012  11:59:58         PAGE  1


LOC  OBJECT CODE     LINE SOURCE TEXT
  VALUE

                      00001 ;       TEMPLATE FOR STUDENTS - EE395A Winter 2009
                      00002 ;       
                      00003 ;  Executable part of program starts here...  
                      00004 ;  Start at the reset vector
                      00005 ;
                      00006 
                      00007 ;equ statements copied from previous lab, may have some unneeded statements
  00000002            00008 Z               equ 0x02        ;Z=2
  00000002            00009 PCL             equ 0x02        ;PCL = 0x02
  00000007            00010 PORTC   equ 0x07        ;bank 0 for RX(7) and TX(6)
  00000087            00011 TRISC   equ 0x87        ;bank 1
  00000003            00012 STATUS  equ     0x03    ;in all BANKS
  00000099            00013 SPBRG   equ 0x99        ;bank 1
  00000098            00014 TXSTA   equ 0x98        ;bank 1
  00000018            00015 RCSTA   equ 0x18        ;bank 0
  00000019            00016 TXREG   equ 0x19        ;bank 0
  0000001A            00017 RCREG   equ 0x1A        ;bank 0
  0000000C            00018 PIR1    equ 0x0C        ;bank 0
  00000005            00019 RCIF    equ d'5'        ;USART receive interrupt flag bit in PIR1
  00000004            00020 TXIF    equ d'4'        ;USART transmit interrupt flag bit in PIR1
  00000001            00021 OERR    equ d'1'        ;overrun error
  00000002            00022 FERR    equ d'2'        ;frame error
  00000004            00023 CREN    equ d'4'        ;continuous recieve enable bit
                      00024 
                      00025 
  00000021            00026 TEMP    equ 0x21        ;general purpose register
  00000022            00027 TEMP2   equ 0x22
                      00028 
  00000000            00029 W               equ     d'0'    ; destination=W  ('working' register)
  00000001            00030 F               equ     d'1'    ; destination=f
  00000006            00031 RP1             equ     d'6'    ; bank select high bit in status reg.
  00000005            00032 RP0             equ     d'5'    ; bank select low bit in status reg.
0000                  00033         org     0x0000  ; program starts at Program Memory location 0x0000
0000   0000           00034         nop             ; put here so we can breakpoint at 0x0000
0001   3001           00035         movlw 0x01
0002   00A2           00036         movwf TEMP2
0003   2863           00037         goto    INIT    ; Jump over Tables so they can be in first 255 loc.
                      00038 
                      00039 ;    Set Configuration bits in code:
                      00040 ;       __CONFIG        0x3F31  ; WDT disable, XT osc, PWRT enable, LVProg disable, CP off
                      00041 ;
                      00042 ; Data to send to Terminal is located in first 255 locations
                      00043 ; so no PCL overflow occurs when using computed goto's
                      00044 ;
                      00045 ; TABLE of messages to send to Computer Terminal.
                      00046 ; Each Message ends with '0x00' to indicate 'end of message'
                      00047 ;  ( My Editor - TABS spacing set to '8' )
                      00048 ;                       
                      00049 ; 
                      00050 
                      00051                 
                      00052                 
                      00053                 
MPASM  5.41                     MAIN_MENU.ASM   3-9-2012  11:59:58         PAGE  2


LOC  OBJECT CODE     LINE SOURCE TEXT
  VALUE

                      00054                 
                      00055 
0004   0782           00056 MENU:   addwf   PCL,F   ; do computed goto's to get characters
0005   340C           00057         retlw   0x0c    ;  'new page'
0006   340A           00058         retlw   0x0a    ;  'new line'
0007   3409           00059         retlw   0x09    ;  'tab'
0008   344D           00060         retlw   A'M'    ; M
0009   3409           00061         retlw   0x09    ;  'tab'
000A   344D           00062         retlw   A'M'    ; M
000B   3461           00063         retlw   A'a'    ; a
000C   3469           00064         retlw   A'i'    ; i
000D   346E           00065         retlw   A'n'    ; n
000E   3420           00066         retlw   A' '    ;  'space'
000F   344D           00067         retlw   A'M'    ; M
0010   3465           00068         retlw   A'e'    ; e
0011   346E           00069         retlw   A'n'    ; n
0012   3475           00070         retlw   A'u'    ; u
0013   340D           00071         retlw   0x0d    ;  'carriage return'
0014   340A           00072         retlw   0x0a    ;  'new line'
0015   340A           00073         retlw   0x0a    ;  'new line'
0016   340A           00074         retlw   0x0a    ;  'new line'
0017   3409           00075         retlw   0x09    ;  'tab'
0018   3466           00076         retlw   A'f'    ; f
0019   3409           00077         retlw   0x09    ;  'tab'
001A   3446           00078         retlw   A'F'    ; F
001B   3469           00079         retlw   A'i'    ; i
001C   3472           00080         retlw   A'r'    ; r
001D   3473           00081         retlw   A's'    ; s
001E   3474           00082         retlw   A't'    ; t
001F   3420           00083         retlw   A' '    ; space
0020   344E           00084         retlw   A'N'    ; N
0021   3461           00085         retlw   A'a'    ; a
0022   346D           00086         retlw   A'm'    ; m
0023   3465           00087         retlw   A'e'    ; e
0024   340D           00088         retlw   0x0d    ;  'carriage return'
0025   340A           00089         retlw   A'\n'   ;  'new line'
0026   340A           00090         retlw   A'\n'   ;  'new line'
0027   3409           00091         retlw   0x09    ;  'tab'
0028   346C           00092         retlw   A'l'    ; l - this is lowercase "L"
0029   3409           00093         retlw   0x09    ;  'tab'
002A   344C           00094         retlw   A'L'    ; L
002B   3461           00095         retlw   A'a'    ; a
002C   3473           00096         retlw   A's'    ; s
002D   3474           00097         retlw   A't'    ; t
002E   3420           00098         retlw   A' '    ;  'space'
002F   344E           00099         retlw   A'N'    ; N
0030   3461           00100         retlw   A'a'    ; a
0031   346D           00101         retlw   A'm'    ; m
0032   3465           00102         retlw   A'e'    ; e
0033   340D           00103         retlw   0x0d    ;  'carriage return'
0034   340A           00104         retlw   0x0a    ;  'new line'
0035   340A           00105         retlw   0x0a    ;  'new line'
0036   3409           00106         retlw   0x09    ;  'tab'
MPASM  5.41                     MAIN_MENU.ASM   3-9-2012  11:59:58         PAGE  3


LOC  OBJECT CODE     LINE SOURCE TEXT
  VALUE

0037   3470           00107         retlw   A'p'    ; p
0038   3409           00108         retlw   0x09    ;  'tab'
0039   3450           00109         retlw   A'P'    ; P
003A   3449           00110         retlw   A'I'    ; I
003B   3444           00111         retlw   A'D'    ; D
003C   3420           00112         retlw   A' '    ;  'space'
003D   3423           00113         retlw   A'#'    ; #
003E   340D           00114         retlw   0x0d    ;  'carriage return'
003F   340A           00115         retlw   0x0a    ;  'new line'
0040   340A           00116         retlw   0x0a    ;  'new line'
0041   3409           00117         retlw   0x09    ;  'tab'
0042   3432           00118         retlw   A'2'    ; 2
0043   3409           00119         retlw   0x09    ;  'tab'
0044   3454           00120         retlw   A'T'    ; T
0045   346F           00121         retlw   A'o'    ; o
0046   3467           00122         retlw   A'g'    ; g
0047   3467           00123         retlw   A'g'    ; g
0048   346C           00124         retlw   A'l'    ; l
0049   3465           00125         retlw   A'e'    ; e
004A   3420           00126         retlw   A' '    ;  'space'
004B   3452           00127         retlw   A'R'    ; R
004C   3443           00128         retlw   A'C'    ; C
004D   3432           00129         retlw   A'2'    ; 2
004E   340D           00130         retlw   0x0d    ;  'carriage return'
004F   340A           00131         retlw   0x0a    ;  'new line'
0050   340A           00132         retlw   0x0a    ;  'new line'
0051   3409           00133         retlw   0x09    ;  'tab'
0052   3433           00134         retlw   A'3'    ; 3
0053   3409           00135         retlw   0x09    ;  'tab'
0054   3454           00136         retlw   A'T'    ; T
0055   346F           00137         retlw   A'o'    ; o
0056   3467           00138         retlw   A'g'    ; g
0057   3467           00139         retlw   A'g'    ; g
0058   346C           00140         retlw   A'l'    ; l
0059   3465           00141         retlw   A'e'    ; e
005A   3420           00142         retlw   A' '    ;  'space'
005B   3452           00143         retlw   A'R'    ; R
005C   3443           00144         retlw   A'C'    ; C
005D   3433           00145         retlw   A'3'    ; 3
005E   340D           00146         retlw   0x0d    ;  'carriage return'
005F   340A           00147         retlw   0x0a    ;  'new line'
0060   340A           00148         retlw   0x0a    ;  'new line'
0061   340A           00149         retlw   0x0a    ;  'new line'
0062   3400           00150         retlw   0x00    ; end of table - character
                      00151 ;
                      00152 ;
                      00153 ;       PUT THE REST OF YOUR DATA TABLES HERE -
                      00154 ;               LIST OF DATA    for First Name
                      00155 ;                               for Last Name
                      00156 ;                               for 'PID #'
                      00157 ;       End Each list with the "end of table" character = 0x00
                      00158 
                      00159 ;*****************************************************************************
MPASM  5.41                     MAIN_MENU.ASM   3-9-2012  11:59:58         PAGE  4


LOC  OBJECT CODE     LINE SOURCE TEXT
  VALUE

                      00160 ;
                      00161 ;  Put all Initiliazation Instructions here:
                      00162 ;               Initialize UART, PORTC LEDs, etc.
                      00163 ;
0063   0183           00164 INIT:   clrf STATUS
                      00165 
0064   1683           00166                 bsf STATUS,RP0  ;move to BANK 1
0065   3083           00167                 movlw b'10000011'       ;set the transmit line and receive line and set led's to output
Message[302]: Register in operand not in bank 0.  Ensure that bank bits are correct.
0066   0087           00168                 movwf TRISC
                      00169                 
0067   300C           00170                 movlw d'12'     ;x value in equation
Message[302]: Register in operand not in bank 0.  Ensure that bank bits are correct.
0068   0099           00171                 movwf SPBRG     ;set the baud rate 
                      00172                 
0069   3026           00173                 movlw   b'00100110'
Message[302]: Register in operand not in bank 0.  Ensure that bank bits are correct.
006A   0098           00174                 movwf   TXSTA ;send 8 data bits, set up the equation for the baud rate to
                      00175                                                 ;Fosc/(16*(x+1))
                      00176                 
006B   1283           00177                 bcf STATUS,RP0  ;move to BANK 0
                      00178                 
006C   3090           00179                 movlw b'10010000'       ;enables serial port 8 bit reception and continuous receive. 
006D   0098           00180                 movwf RCSTA     
                      00181         
006E   2895           00182                 goto SEND_MENU  
006F   208A           00183 MAIN:   call RCV
0070   1283           00184                 bcf STATUS,RP0
0071   3066           00185                 movlw A'f'
0072   0221           00186                 subwf TEMP,W
0073   1903           00187                 btfsc STATUS,Z
0074   28C8           00188                 goto SEND_FIRST
0075   306C           00189                 movlw A'l'
0076   0221           00190                 subwf TEMP,W
0077   1903           00191                 btfsc STATUS,Z
0078   28D5           00192                 goto SEND_LAST
0079   3032           00193                 movlw A'2'
007A   0221           00194                 subwf TEMP,W
007B   1903           00195                 btfsc STATUS,Z
007C   28EF           00196                 goto LED_2
007D   3033           00197                 movlw A'3'
007E   0221           00198                 subwf TEMP,W
007F   1903           00199                 btfsc STATUS,Z
0080   28F2           00200                 goto LED_3
0081   3070           00201                 movlw A'p'
0082   0221           00202                 subwf TEMP,W
0083   1903           00203                 btfsc STATUS,Z
0084   28E2           00204                 goto SEND_PID
0085   304D           00205                 movlw A'M'
0086   0221           00206                 subwf TEMP,W
0087   1903           00207                 btfsc STATUS,Z
0088   2895           00208                 goto SEND_MENU
0089   286F           00209                 goto MAIN
MPASM  5.41                     MAIN_MENU.ASM   3-9-2012  11:59:58         PAGE  5


LOC  OBJECT CODE     LINE SOURCE TEXT
  VALUE

                      00210                 
                      00211                 
                      00212                 
                      00213                 
                      00214 
                      00215 ;*****************************************************************************
                      00216 ;
                      00217 ; Put your MAIN Program here:
                      00218 ;               Send the MAIN MENU to the PC terminal
                      00219 ;               Read the UART to get Received Character from Hyperterminal (PC)
                      00220 ;               test for what character was received from PC
                      00221 ;               Do what ever function should be perfomed
                      00222 ;                       ( send first name )
                      00223 ;                       ( send last name )
                      00224 ;                       ( send 'PID #' )
                      00225 ;                       ( Toggle RC2 )
                      00226 ;                       ( Toggle RC3 )
                      00227 ;                       ( resend Main Menu )
                      00228 ;
                      00229 ;***************************************************************************** 
                      00230 ;  Subroutines:   Use subroutines to TRANSMIT and RECEIVE Characters via the PIC's USART.
                      00231 ;
                      00232 
                      00233 ;
008A                  00234 RCV:    ;write a subroutine to Recieve a character via the PIC'S USART.
008A   1283           00235                 bcf STATUS,RP0  ;bank0
008B   1898           00236 RXWAIT: btfsc RCSTA,OERR        ;did overrun error occur?
008C   2892           00237                 goto CLROR              ;if so clear the over run error
008D   1E8C           00238                 btfss PIR1,RCIF         ;have we recieved a word?
008E   288B           00239                 goto RXWAIT                     ;no data keep waiting           btfsc RCSTA,FERR        
                            ;did frame error occur?
008F   081A           00240                 movf RCREG,W            ;move recieved data word to a temp register
0090   00A1           00241                 movwf TEMP                      ;
0091   0008           00242                 return
                      00243                 
0092   1218           00244 CLROR:  bcf RCSTA,CREN  ;clear the cont.receive bit     
0093   1618           00245                 bsf RCSTA,CREN  ;set the cont.receive bit
0094   288B           00246                 goto RXWAIT
                      00247                 
                      00248 ;CLRFE: movf RCREG,W    ;this clears the frame error
                      00249 ;               goto ENDit
                      00250 
                      00251 ;       ( don't forget to check for an Overrun Error, and clear it if it occurred)\
                      00252 
0095   3000           00253 SEND_MENU:      movlw 0x00
0096   00A2           00254                         movwf TEMP2
0097   0822           00255 WHY3:           movf TEMP2,W
0098   2004           00256                         call MENU
0099   1283           00257                         bcf STATUS,RP0
009A   0099           00258                         movwf TXREG
009B   20C3           00259                         call TXMIT
009C   1283           00260                         bcf STATUS,RP0
009D   0AA2           00261                         incf TEMP2,F
MPASM  5.41                     MAIN_MENU.ASM   3-9-2012  11:59:58         PAGE  6


LOC  OBJECT CODE     LINE SOURCE TEXT
  VALUE

009E   305E           00262                         movlw d'94'
009F   0222           00263                         subwf TEMP2,W
00A0   1D03           00264                         btfss STATUS,Z
00A1   2897           00265                         goto WHY3
00A2   286F           00266                         goto MAIN
                      00267 
00A3   0782           00268 FIRST:  addwf PCL,F
00A4   3452           00269                 retlw A'R'
00A5   3461           00270                 retlw A'a'
00A6   346E           00271                 retlw A'n'
00A7   3464           00272                 retlw A'd'
00A8   3479           00273                 retlw A'y'
00A9   340D           00274                 retlw   0x0d    ;  'carriage return'
00AA   340A           00275                 retlw   0x0a    ;  'new line'
                      00276                 
00AB   0782           00277 LAST:   addwf PCL,F
00AC   344F           00278                 retlw A'O'
00AD   3462           00279                 retlw A'b'
00AE   3472           00280                 retlw A'r'
00AF   3469           00281                 retlw A'i'
00B0   346E           00282                 retlw A'n'
00B1   3467           00283                 retlw A'g'
00B2   3465           00284                 retlw A'e'
00B3   3472           00285                 retlw A'r'
00B4   340D           00286                 retlw   0x0d    ;  'carriage return'
00B5   340A           00287                 retlw   0x0a    ;  'new line'   
                      00288                         
00B6   0782           00289 PID:    addwf PCL,F
00B7   3450           00290                 retlw A'P'
00B8   3430           00291                 retlw A'0'
00B9   3430           00292                 retlw A'0'
00BA   3431           00293                 retlw A'1'
00BB   3431           00294                 retlw A'1'
00BC   3439           00295                 retlw A'9'
00BD   3432           00296                 retlw A'2'
00BE   3430           00297                 retlw A'0'
00BF   3430           00298                 retlw A'0'
00C0   3439           00299                 retlw A'9'
00C1   340D           00300                 retlw   0x0d    ;  'carriage return'
00C2   340A           00301                 retlw   0x0a    ;  'new line'
                      00302                 
00C3                  00303 TXMIT:  ;write a subroutine to Transmit a character via the PIC's USART.
00C3   1683           00304                 bsf STATUS,RP0
Message[302]: Register in operand not in bank 0.  Ensure that bank bits are correct.
00C4   1C98           00305 LOOP:   btfss TXSTA,1 
00C5   28C4           00306                 goto LOOP
00C6   1283           00307                 bcf STATUS,RP0
00C7   0008           00308                 return
                      00309                 
00C8   3000           00310 SEND_FIRST:     movlw 0x00
00C9   00A2           00311                         movwf TEMP2
00CA   0822           00312 WHY:            movf TEMP2,W
00CB   20A3           00313                         call FIRST
MPASM  5.41                     MAIN_MENU.ASM   3-9-2012  11:59:58         PAGE  7


LOC  OBJECT CODE     LINE SOURCE TEXT
  VALUE

00CC   1283           00314                         bcf STATUS,RP0
00CD   0099           00315                         movwf TXREG
00CE   20C3           00316                         call TXMIT
00CF   0AA2           00317                         incf TEMP2,F
00D0   3007           00318                         movlw d'7'
00D1   0222           00319                         subwf TEMP2,W
00D2   1D03           00320                         btfss STATUS,Z
00D3   28CA           00321                         goto WHY
00D4   286F           00322                         goto MAIN
                      00323                         
                      00324 
00D5   3000           00325 SEND_LAST:      movlw 0x00
00D6   00A2           00326                         movwf TEMP2
00D7   0822           00327 WHY2:           movf TEMP2,W
00D8   20AB           00328                         call LAST
00D9   1283           00329                         bcf STATUS,RP0
00DA   0099           00330                         movwf TXREG
00DB   20C3           00331                         call TXMIT
00DC   0AA2           00332                         incf TEMP2,F
00DD   300A           00333                         movlw d'10'
00DE   0222           00334                         subwf TEMP2,W
00DF   1D03           00335                         btfss STATUS,Z
00E0   28D7           00336                         goto WHY2
00E1   286F           00337                         goto MAIN
                      00338                         
00E2   3000           00339 SEND_PID:       movlw 0x00
00E3   00A2           00340                         movwf TEMP2
00E4   0822           00341 WHY4:           movf TEMP2,W
00E5   20B6           00342                         call PID
00E6   1283           00343                         bcf STATUS,RP0
00E7   0099           00344                         movwf TXREG
00E8   20C3           00345                         call TXMIT
00E9   0AA2           00346                         incf TEMP2,F
00EA   300C           00347                         movlw d'12'
00EB   0222           00348                         subwf TEMP2,W
00EC   1D03           00349                         btfss STATUS,Z
00ED   28E4           00350                         goto WHY4
00EE   286F           00351                         goto MAIN
                      00352 
00EF   1D07           00353 LED_2:  btfss PORTC,2
00F0   28F5           00354                 goto LED2_ON
00F1   28F7           00355                 goto LED2_OFF
                      00356                 
00F2   1D87           00357 LED_3:  btfss PORTC,3   ;toggle
00F3   28F9           00358                 goto LED3_ON
00F4   28FB           00359                 goto LED3_OFF
                      00360                 
00F5   1507           00361 LED2_ON:        bsf PORTC,2
00F6   286F           00362                         goto MAIN
00F7   1107           00363 LED2_OFF:       bcf PORTC,2
00F8   286F           00364                         goto MAIN
                      00365 
00F9   1587           00366 LED3_ON:        bsf PORTC,3
MPASM  5.41                     MAIN_MENU.ASM   3-9-2012  11:59:58         PAGE  8


LOC  OBJECT CODE     LINE SOURCE TEXT
  VALUE

00FA   286F           00367                         goto MAIN
00FB   1187           00368 LED3_OFF:       bcf PORTC,3
00FC   286F           00369                         goto MAIN
                      00370                 
                      00371                 end
MPASM  5.41                     MAIN_MENU.ASM   3-9-2012  11:59:58         PAGE  9


SYMBOL TABLE
  LABEL                             VALUE 

CLROR                             00000092
CREN                              00000004
F                                 00000001
FERR                              00000002
FIRST                             000000A3
INIT                              00000063
LAST                              000000AB
LED2_OFF                          000000F7
LED2_ON                           000000F5
LED3_OFF                          000000FB
LED3_ON                           000000F9
LED_2                             000000EF
LED_3                             000000F2
LOOP                              000000C4
MAIN                              0000006F
MENU                              00000004
OERR                              00000001
PCL                               00000002
PID                               000000B6
PIR1                              0000000C
PORTC                             00000007
RCIF                              00000005
RCREG                             0000001A
RCSTA                             00000018
RCV                               0000008A
RP0                               00000005
RP1                               00000006
RXWAIT                            0000008B
SEND_FIRST                        000000C8
SEND_LAST                         000000D5
SEND_MENU                         00000095
SEND_PID                          000000E2
SPBRG                             00000099
STATUS                            00000003
TEMP                              00000021
TEMP2                             00000022
TRISC                             00000087
TXIF                              00000004
TXMIT                             000000C3
TXREG                             00000019
TXSTA                             00000098
W                                 00000000
WHY                               000000CA
WHY2                              000000D7
WHY3                              00000097
WHY4                              000000E4
Z                                 00000002
__16F877                          00000001
__DEBUG                           1
__MPLAB_DEBUGGER_ICD3             1
MPASM  5.41                     MAIN_MENU.ASM   3-9-2012  11:59:58         PAGE 10


MEMORY USAGE MAP ('X' = Used,  '-' = Unused)


0000 : XXXXXXXXXXXXXXXX XXXXXXXXXXXXXXXX XXXXXXXXXXXXXXXX XXXXXXXXXXXXXXXX
0040 : XXXXXXXXXXXXXXXX XXXXXXXXXXXXXXXX XXXXXXXXXXXXXXXX XXXXXXXXXXXXXXXX
0080 : XXXXXXXXXXXXXXXX XXXXXXXXXXXXXXXX XXXXXXXXXXXXXXXX XXXXXXXXXXXXXXXX
00C0 : XXXXXXXXXXXXXXXX XXXXXXXXXXXXXXXX XXXXXXXXXXXXXXXX XXXXXXXXXXXXX---

All other memory blocks unused.

Program Memory Words Used:   253
Program Memory Words Free:  7939


Errors   :     0
Warnings :     0 reported,     0 suppressed
Messages :     4 reported,     0 suppressed

