MPASM  5.41                      LAB4CODE.ASM   3-1-2012  16:58:35         PAGE  1


LOC  OBJECT CODE     LINE SOURCE TEXT
  VALUE

                      00001 ;**********************************************************
                      00002 ;*  Laboratory #4
                      00003 ;*      Program uses the microcontroller's ADC to output
                      00004 ;*      the a digital voltage measurement from RA0 to the
                      00005 ;*      7-segment displays 
                      00006 ;**********************************************************
                      00007 
                      00008         list p=16f877   ; Assembler directive to turn list on
                      00009                         ; and give 16F877 listing codes
                      00010 ;
                      00011 ; Define some 8-bit file register labels
                      00012 ; See PIC16F877 datasheet for location of the Special Function Registers 
                      00013 ;
                      00014 
                      00015 ;equ statements copied from previous lab, may have some unneeded statements
  00000002            00016 Z               equ 0x02        ;Z=2
  00000002            00017 PCL             equ 0x02        ;PCL = 0x02
  00000005            00018 PORTA   equ 0x05        ; in BANK 0
  00000005            00019 TRISA   equ 0x05        ; in BANK 1
  00000006            00020 PORTB   equ     0x06    ; in BANK 0
  00000006            00021 TRISB   equ     0x06    ; in BANK 1
  00000008            00022 PORTD   equ     0x08    ; in BANK 0
  00000008            00023 TRISD   equ     0x08    ; in BANK 1
  00000003            00024 STATUS  equ     0x03    ; in all BANKS
  0000000B            00025 INTCON          equ 0x0B        ; in all BANKS
  00000020            00026 K               equ 0x20
  00000021            00027 J               equ 0x21
  00000022            00028 TEMP_W          equ 0x22
  00000023            00029 T_STAT          equ 0x23
  00000024            00030 D1              equ 0x24
  00000025            00031 D2              equ 0x25
  00000001            00032 TMR0            equ 0x01
  00000001            00033 OPTION_REG      equ 0x01
  0000001F            00034 ADCON0  equ 0x1F        ;in BANK 0
  00000094            00035 ADCON1  equ 0x94        ;in BANK 1
  0000001E            00036 ADRESH equ 0x1E
                      00037 
  00000000            00038 W               equ     d'0'    ; destination=W  ('working' register)
  00000001            00039 F               equ     d'1'    ; destination=f
  00000006            00040 RP1             equ     d'6'    ; bank select high bit in status reg.
  00000005            00041 RP0             equ     d'5'    ; bank select low bit in status reg.
                      00042 
                      00043 ;end of equ statements, begin program code:
                      00044 
                      00045 
                      00046 
0000                  00047                 org     0x000   ; program starts at Program Memory location 0x0000
0000   0000           00048                 nop             ; nop required by older MPLAB ICD system
0001   2802           00049                 goto INIT
                      00050 
0002   0183           00051 INIT:   clrf STATUS
0003   1683           00052                 bsf STATUS, RP0                 ;move to BANK1 to access TRISA, B and D
0004   3000           00053                 movlw b'00000000'
MPASM  5.41                      LAB4CODE.ASM   3-1-2012  16:58:35         PAGE  2


LOC  OBJECT CODE     LINE SOURCE TEXT
  VALUE

0005   0088           00054                 movwf TRISD             ;set all pins of PORTD as outputs
0006   30E1           00055                 movlw b'11100001'
0007   0086           00056                 movwf TRISB             ;set bits 1-4 of TRISB to outputs
                      00057                                         ;and all other bits to inputs
0008   1405           00058                 bsf TRISA, 0    ;PORTA bit 0 is now an input
                      00059                 
0009   3000           00060                 movlw b'00000000'
Message[302]: Register in operand not in bank 0.  Ensure that bank bits are correct.
000A   0094           00061                 movwf ADCON1            ;configure ADC via ADCON1
                      00062                 
000B   1283           00063                 bcf STATUS, RP0         ;return to BANK0
                      00064                 
000C   3000           00065                 movlw 0x00
000D   00A4           00066                 movwf D1
000E   00A5           00067                 movwf D2
                      00068                 
000F   3041           00069                 movlw b'01000001'       ;Fosc/4 and turn ADON
0010   009F           00070                 movwf ADCON0
                      00071                 
                      00072                 
                      00073 
0011                  00074 MAIN:   ;measure voltage
0011   151F           00075         bsf ADCON0,2
                      00076 
0012                  00077 MAIN2:
0012   0824           00078                 movf D1,W               ;move value of the display to w
                      00079         ;call FIRST_VOL
0013   0088           00080                 movwf PORTD             ;
0014   3002           00081                 movlw b'00000010'               ;7seg display left-most
0015   0086           00082         movwf PORTB
0016   202C           00083         call DELAY
0017   0825           00084         movf D2,W               ;move value of the display to w
                      00085         ;call SEC_VOL
0018   0088           00086                 movwf PORTD             ;
0019   3004           00087                 movlw b'00000100'               ;7seg display left-mid
001A   0086           00088         movwf PORTB
001B   202C           00089         call DELAY
                      00090         ;goto main was here
                      00091         
001C   191F           00092         btfsc ADCON0,2 ;check if done, if done move it to be displayed, if not display old value
001D   2812           00093         goto MAIN2
001E   0C9E           00094         rrf ADRESH,F
001F   0C9E           00095         rrf ADRESH,F
0020   0C9E           00096         rrf ADRESH,F
0021   0C9E           00097         rrf ADRESH,F
0022   0C9E           00098         rrf ADRESH,F
0023   3007           00099         movlw b'00000111';mask the bits
0024   051E           00100         andwf ADRESH,W
0025   2035           00101         call FIRST_VOL
0026   00A4           00102         movwf D1
0027   3007           00103         movlw b'00000111';mask the bits
0028   051E           00104         andwf ADRESH,W
0029   203E           00105         call SEC_VOL
MPASM  5.41                      LAB4CODE.ASM   3-1-2012  16:58:35         PAGE  3


LOC  OBJECT CODE     LINE SOURCE TEXT
  VALUE

002A   00A5           00106         movwf D2
002B   2811           00107         goto MAIN
                      00108         
                      00109         
                      00110                 ;shift the bits
                      00111                 
                      00112                 ;left justify the adresh then rright shift
                      00113 
                      00114 
                      00115 
                      00116 
                      00117 ;0.004 second delay to display two voltage digits 
002C   3006           00118 DELAY:  movlw d'6'                      ;outer loop iterations
002D   00A0           00119                 movwf K                 
002E   30DD           00120 INNER:  movlw d'221'            ;inner loop iterations
002F   00A1           00121                 movwf J                         ;
0030   0BA1           00122 NXT:    decfsz J,F                      ;decrement inner loop and store in J
0031   2830           00123                 goto NXT                        ;go back to decrementing inner loop if not yet 0
0032   0BA0           00124                 decfsz K,F                      ;decrement outer loop and store in K
0033   282E           00125                 goto INNER                      ;go back and do inner loop again if outer loop isn't 0
0034   0008           00126                 return
                      00127                 
                      00128 
                      00129                 
                      00130 ;computed goto for the 7-seg display WITH the decimal point
0035   0782           00131 FIRST_VOL:      addwf   PCL,F           
0036   34BF           00132                 retlw   b'10111111' ;0. 
0037   34BF           00133                 retlw   b'10111111' ;0. 
0038   3486           00134                 retlw   b'10000110' ;1.
0039   34DB           00135                 retlw   b'11011011' ;2.
003A   34DB           00136                 retlw   b'11011011' ;2.
003B   34CF           00137                 retlw   b'11001111' ;3.
003C   34E6           00138                 retlw   b'11100110' ;4. 
003D   34E6           00139                 retlw   b'11100110' ;4. 
                      00140                 
003E   0782           00141 SEC_VOL:        addwf   PCL,F
003F   344F           00142                 retlw   b'01001111' ;3
0040   3467           00143                 retlw   b'01100111' ;9
0041   347C           00144                 retlw   b'01111100' ;6
0042   345B           00145                 retlw   b'01011011' ;2
0043   347F           00146                 retlw   b'01111111' ;8
0044   3466           00147                 retlw   b'01100110' ;4
0045   3406           00148                 retlw   b'00000110' ;1
0046   3407           00149                 retlw   b'00000111' ;7
                      00150                 
                      00151                 end
MPASM  5.41                      LAB4CODE.ASM   3-1-2012  16:58:35         PAGE  4


SYMBOL TABLE
  LABEL                             VALUE 

ADCON0                            0000001F
ADCON1                            00000094
ADRESH                            0000001E
D1                                00000024
D2                                00000025
DELAY                             0000002C
F                                 00000001
FIRST_VOL                         00000035
INIT                              00000002
INNER                             0000002E
INTCON                            0000000B
J                                 00000021
K                                 00000020
MAIN                              00000011
MAIN2                             00000012
NXT                               00000030
OPTION_REG                        00000001
PCL                               00000002
PORTA                             00000005
PORTB                             00000006
PORTD                             00000008
RP0                               00000005
RP1                               00000006
SEC_VOL                           0000003E
STATUS                            00000003
TEMP_W                            00000022
TMR0                              00000001
TRISA                             00000005
TRISB                             00000006
TRISD                             00000008
T_STAT                            00000023
W                                 00000000
Z                                 00000002
__16F877                          00000001


MEMORY USAGE MAP ('X' = Used,  '-' = Unused)

0000 : XXXXXXXXXXXXXXXX XXXXXXXXXXXXXXXX XXXXXXXXXXXXXXXX XXXXXXXXXXXXXXXX
0040 : XXXXXXX--------- ---------------- ---------------- ----------------

All other memory blocks unused.

Program Memory Words Used:    71
Program Memory Words Free:  8121


Errors   :     0
Warnings :     0 reported,     0 suppressed
Messages :     1 reported,     0 suppressed

