MPLINK 4.39, Linker
Linker Map File - Created Thu Mar 01 16:58:36 2012

                                 Section Info
                  Section       Type    Address   Location Size(Bytes)
                ---------  ---------  ---------  ---------  ---------
                   .org_0       code   0x000000    program   0x000000
                   .org_1       code   0x000000    program   0x00008e



                              Program Memory Usage 
                               Start         End      
                           ---------   ---------      
                            0x000000    0x000046      
            71 out of 8454 program addresses used, program memory utilization is 0%



                              Symbols - Sorted by Name
                     Name    Address   Location    Storage File                     
                ---------  ---------  ---------  --------- ---------                
                    DELAY   0x00002c    program     static H:\EE395A\Lab4\lab4code.asm
                FIRST_VOL   0x000035    program     static H:\EE395A\Lab4\lab4code.asm
                     INIT   0x000002    program     static H:\EE395A\Lab4\lab4code.asm
                    INNER   0x00002e    program     static H:\EE395A\Lab4\lab4code.asm
                     MAIN   0x000011    program     static H:\EE395A\Lab4\lab4code.asm
                    MAIN2   0x000012    program     static H:\EE395A\Lab4\lab4code.asm
                      NXT   0x000030    program     static H:\EE395A\Lab4\lab4code.asm
                  SEC_VOL   0x00003e    program     static H:\EE395A\Lab4\lab4code.asm



                              Symbols - Sorted by Address
                     Name    Address   Location    Storage File                     
                ---------  ---------  ---------  --------- ---------                
                     INIT   0x000002    program     static H:\EE395A\Lab4\lab4code.asm
                     MAIN   0x000011    program     static H:\EE395A\Lab4\lab4code.asm
                    MAIN2   0x000012    program     static H:\EE395A\Lab4\lab4code.asm
                    DELAY   0x00002c    program     static H:\EE395A\Lab4\lab4code.asm
                    INNER   0x00002e    program     static H:\EE395A\Lab4\lab4code.asm
                      NXT   0x000030    program     static H:\EE395A\Lab4\lab4code.asm
                FIRST_VOL   0x000035    program     static H:\EE395A\Lab4\lab4code.asm
                  SEC_VOL   0x00003e    program     static H:\EE395A\Lab4\lab4code.asm


