MPASM  5.43          FLOWCHARTCODEEXAMPLE.ASM   1-18-2012  22:43:13         PAGE  1


LOC  OBJECT CODE     LINE SOURCE TEXT
  VALUE

                      00001 ;                                       Code Example
                      00002 
                      00003         list    P=16F877                ; Compiler directive
                      00004         
                      00005 ;---------Register Equates------------------------------
  00000007            00006 PORTC equ       0x07    ; Bank 0
  00000087            00007 TRISC equ       0x87    ; Bank 1
  00000003            00008 STATUS equ      0x03    ; Mirrored across all banks
                      00009 
                      00010 ;---------Bit Equates-----------------------------------
  00000005            00011 RP0 equ 5       ; Register Bank select bit(STATUS)
  00000000            00012 W equ   0       ; Working Register
  00000001            00013 F equ   1       ; File Register
                      00014 
                      00015 ;---------PAUSE ROUTINE EQUATES-------------------------
  00000030            00016 inloop  equ 0x30        ; For delay routine
  00000031            00017 outloop equ     0x31
                      00018 
                      00019 ;---------MISC. VARIABLE EQUATES------------------------
  00000032            00020 count equ       0x32
                      00021 ;
                      00022 ;       PROGRAM STARTS HERE
                      00023 
                      00024         org             0x0000          ; Compiler directive
0000   0000           00025         nop                                     ; (1) No Operation, desired by MPLAB
0001   2???           00026         goto Main                       ; (2) Starting Place for entire App
                      00027         
                      00028 ;//*********************************************************
                      00029 ;//* Main Routine
                      00030 ;//*********************************************************
0002                  00031 Main
0002   0183           00032         clrf    STATUS          ; (1) Ensure that Bank 0 is seleted
0003   0187           00033         clrf    PORTC           ; (1) Brink all of PORTC's pins low
                      00034         
0004   1683           00035         bsf             STATUS,RP0      ; (1) Select Bank 1, needed for TRISC
Message[302]: Register in operand not in bank 0.  Ensure that bank bits are correct.
0005   0187           00036         clrf    TRISC           ; (1) Make all of PORTC's pins outputs
                      00037         
0006   1283           00038         bcf             STATUS,RP0      ; (1) Select Bank 0
                      00039         
0007   01B2           00040         clrf    count           ; (1) Initialize count variable
                      00041         
0008                  00042 Main_High
0008   2???           00043         call    Blink_High      ; (2) Call the Blink_High subroutine
                      00044         
0009   0FB2           00045         incfsz  count,F         ; (1),(2) if zero.
000A   2???           00046         goto    Main_High       ; (2) Continue until count is zero
                      00047         
000B   0187           00048         clrf    PORTC           ; (1) Ensure all LED's are off
                      00049         
000C                  00050 Main_Low
000C   2???           00051         call    Blink_Low       ; (2) Call the Blink_Low subroutine
                      00052         
MPASM  5.43          FLOWCHARTCODEEXAMPLE.ASM   1-18-2012  22:43:13         PAGE  2


LOC  OBJECT CODE     LINE SOURCE TEXT
  VALUE

000D   0BB2           00053         decfsz  count,F         ; (1),(2) if zero
000E   2???           00054         goto    Main_Low        ; (2) Continue until count is zero
                      00055         
000F   0187           00056         clrf    PORTC           ; (1) Ensure that all LED's are off
                      00057         
0010   2???           00058         goto    Main_High       ; (2) Continue this entire routine
                      00059                                                 ;       indefinitely
                      00060                                                 
                      00061 ;//********************************************************
                      00062 ;//* Blink_High Subroutine
                      00063 ;//*
                      00064 ;//* This routine is used to toggle the high nibble of 
                      00065 ;//* PORTC on and off.
                      00066 ;//********************************************************
0011                  00067 Blink_High
0011   30F0           00068         movlw   0xF0            ; (1) Use the bit mask 1111 0000
                      00069                                                 ;       to toggle the high nibble
                      00070         
0012   0687           00071         xorwf   PORTC,F         ; (1) Toggle the high nibble
                      00072         
0013   2???           00073         call    Delay           ; (2) This is a small delay
                      00074         
0014   0008           00075         return                          ; (2) Return from subroutine
                      00076         
                      00077 ;//********************************************************
                      00078 ;//* Blink_Low Subroutine
                      00079 ;//*
                      00080 ;//* This routine is used to create a small delay in between
                      00081 ;//* successive toggles of the LEDs attached to PORTC.
                      00082 ;//********************************************************
0015                  00083 Blink_Low
0015   300F           00084         movlw   0x0F            ; (1) Use the bit mask 0000 1111
                      00085                                                 ;       to toggle the low nibble
                      00086         
0016   0687           00087         xorwf   PORTC,F         ; (1) Toggle the low nibble
                      00088         
0017   2???           00089         call    Delay           ; (2) This is a small delay
                      00090         
0018   0008           00091         return                          ; (2) Return from subroutine
                      00092         
                      00093 ;//********************************************************
                      00094 ;//* Delay Subroutine
                      00095 ;//*
                      00096 ;//* This routine is used to create a small delay in between
                      00097 ;//* successive toggles of the LEDs attached to PORTC.
                      00098 ;//********************************************************
0019                  00099 Delay
0019   01B1           00100         clrf    outloop         ; (1) Initialize outloop variable to 0x00
001A   01B0           00101         clrf    inloop          ; (1) Initialize inloop variable to 0x00
                      00102         
001B                  00103 Delay_in
001B   0BB0           00104         decfsz  inloop,F        ; (1),(2) if zero
001C   2???           00105         goto Delay_in           ; (2), Continue decrementing until zero
MPASM  5.43          FLOWCHARTCODEEXAMPLE.ASM   1-18-2012  22:43:13         PAGE  3


LOC  OBJECT CODE     LINE SOURCE TEXT
  VALUE

                      00106         
001D   0BB1           00107         decfsz  outloop,F       ; (1),(2) if zero
001E   2???           00108         goto Delay_in           ; (2), Count inloop again. This all
                      00109                                                 ;       happens until outloop reaches zero.
                      00110                                                 
001F   0008           00111         return                          ; (2) Return from subroutine
                      00112         
                      00113         end                                     ; Compiler directive
MPASM  5.43          FLOWCHARTCODEEXAMPLE.ASM   1-18-2012  22:43:13         PAGE  4


SYMBOL TABLE
  LABEL                             VALUE 

Blink_High                        00000011
Blink_Low                         00000015
Delay                             00000019
Delay_in                          0000001B
F                                 00000001
Main                              00000002
Main_High                         00000008
Main_Low                          0000000C
PORTC                             00000007
RP0                               00000005
STATUS                            00000003
TRISC                             00000087
W                                 00000000
__16F877                          00000001
__DEBUG                           1
count                             00000032
inloop                            00000030
outloop                           00000031

Errors   :     0
Warnings :     0 reported,     0 suppressed
Messages :     1 reported,     0 suppressed

