MPLINK 4.39, Linker
Linker Map File - Created Thu Jan 26 16:00:48 2012

                                 Section Info
                  Section       Type    Address   Location Size(Bytes)
                ---------  ---------  ---------  ---------  ---------
                   .org_0       code   0x000000    program   0x000000
                   .org_1       code   0x000000    program   0x000054



                              Program Memory Usage 
                               Start         End      
                           ---------   ---------      
                            0x000000    0x000029      
            42 out of 8454 program addresses used, program memory utilization is 0%



                              Symbols - Sorted by Name
                     Name    Address   Location    Storage File                     
                ---------  ---------  ---------  --------- ---------                
                    BANK1   0x00000c    program     static G:\EE395A\Lab1CodeRO.asm 
                    BANK2   0x000016    program     static G:\EE395A\Lab1CodeRO.asm 
                    BANK3   0x000021    program     static G:\EE395A\Lab1CodeRO.asm 
                     NXT0   0x000004    program     static G:\EE395A\Lab1CodeRO.asm 
                     NXT1   0x00000e    program     static G:\EE395A\Lab1CodeRO.asm 
                     NXT2   0x000019    program     static G:\EE395A\Lab1CodeRO.asm 
                     NXT3   0x000023    program     static G:\EE395A\Lab1CodeRO.asm 



                              Symbols - Sorted by Address
                     Name    Address   Location    Storage File                     
                ---------  ---------  ---------  --------- ---------                
                     NXT0   0x000004    program     static G:\EE395A\Lab1CodeRO.asm 
                    BANK1   0x00000c    program     static G:\EE395A\Lab1CodeRO.asm 
                     NXT1   0x00000e    program     static G:\EE395A\Lab1CodeRO.asm 
                    BANK2   0x000016    program     static G:\EE395A\Lab1CodeRO.asm 
                     NXT2   0x000019    program     static G:\EE395A\Lab1CodeRO.asm 
                    BANK3   0x000021    program     static G:\EE395A\Lab1CodeRO.asm 
                     NXT3   0x000023    program     static G:\EE395A\Lab1CodeRO.asm 


