MPLINK 4.39, Linker
Linker Map File - Created Fri Feb 24 11:14:37 2012

                                 Section Info
                  Section       Type    Address   Location Size(Bytes)
                ---------  ---------  ---------  ---------  ---------
                   .org_0       code   0x000000    program   0x000000
                   .org_1       code   0x000000    program   0x000004
                   .org_2       code   0x000004    program   0x0000ea



                              Program Memory Usage 
                               Start         End      
                           ---------   ---------      
                            0x000000    0x000001      
                            0x000004    0x000078      
            119 out of 8454 program addresses used, program memory utilization is 1%



                              Symbols - Sorted by Name
                     Name    Address   Location    Storage File                     
                ---------  ---------  ---------  --------- ---------                
                    DELAY   0x000031    program     static H:\EE395A\lab3code.asm   
                INC_VALUE   0x00005c    program     static H:\EE395A\lab3code.asm   
                     INIT   0x000005    program     static H:\EE395A\lab3code.asm   
                    INNER   0x000033    program     static H:\EE395A\lab3code.asm   
                     MAIN   0x000018    program     static H:\EE395A\lab3code.asm   
               NUMBER_124   0x000046    program     static H:\EE395A\lab3code.asm   
                 NUMBER_3   0x000051    program     static H:\EE395A\lab3code.asm   
                      NXT   0x000035    program     static H:\EE395A\lab3code.asm   
                 TMR0_ISR   0x00003a    program     static H:\EE395A\lab3code.asm   



                              Symbols - Sorted by Address
                     Name    Address   Location    Storage File                     
                ---------  ---------  ---------  --------- ---------                
                     INIT   0x000005    program     static H:\EE395A\lab3code.asm   
                     MAIN   0x000018    program     static H:\EE395A\lab3code.asm   
                    DELAY   0x000031    program     static H:\EE395A\lab3code.asm   
                    INNER   0x000033    program     static H:\EE395A\lab3code.asm   
                      NXT   0x000035    program     static H:\EE395A\lab3code.asm   
                 TMR0_ISR   0x00003a    program     static H:\EE395A\lab3code.asm   
               NUMBER_124   0x000046    program     static H:\EE395A\lab3code.asm   
                 NUMBER_3   0x000051    program     static H:\EE395A\lab3code.asm   
                INC_VALUE   0x00005c    program     static H:\EE395A\lab3code.asm   


